[2026-05-09 23:36:57] INFO - STARTUP: File system initialized: FileSystemConfig{blockSize=4096, totalInodes=1000, totalBlocks=10000, capacity=40000 KB}
[2026-05-09 23:42:21] INFO - STARTUP: File system initialized: FileSystemConfig{blockSize=4096, totalInodes=1000, totalBlocks=10000, capacity=40000 KB}
[2026-05-09 23:47:01] INFO - STARTUP: File system initialized: FileSystemConfig{blockSize=4096, totalInodes=1000, totalBlocks=10000, capacity=40000 KB}
[2026-05-09 23:47:01] FILE_OP - MKDIR SUCCESS: /home
[2026-05-09 23:47:01] FILE_OP - MKDIR SUCCESS: /tmp
[2026-05-09 23:47:01] FILE_OP - MKDIR SUCCESS: /var
[2026-05-09 23:47:01] INFO - INIT: Default directories created
[2026-05-09 23:49:44] INFO - STARTUP: File system initialized: FileSystemConfig{blockSize=4096, totalInodes=1000, totalBlocks=10000, capacity=40000 KB}
[2026-05-09 23:49:44] FILE_OP - MKDIR SUCCESS: /home
[2026-05-09 23:49:44] FILE_OP - MKDIR SUCCESS: /tmp
[2026-05-09 23:49:44] FILE_OP - MKDIR SUCCESS: /var
[2026-05-09 23:49:44] INFO - INIT: Default directories created
[2026-05-09 23:59:36] INFO - INICIO: Sistema de archivos inicializado: FileSystemConfig{blockSize=4096, totalInodes=1000, totalBlocks=10000, capacity=40000 KB}
[2026-05-09 23:59:36] FILE_OP - MKDIR SUCCESS: /home
[2026-05-09 23:59:36] FILE_OP - MKDIR SUCCESS: /tmp
[2026-05-09 23:59:36] FILE_OP - MKDIR SUCCESS: /var
[2026-05-09 23:59:36] INFO - INIT: Directorios predeterminados creados
[2026-05-10 00:21:05] INFO - INICIO: Sistema de archivos inicializado: FileSystemConfig{blockSize=4096, totalInodes=1000, totalBlocks=10000, capacity=40000 KB}
[2026-05-10 00:21:05] FILE_OP - MKDIR SUCCESS: /home
[2026-05-10 00:21:05] FILE_OP - MKDIR SUCCESS: /tmp
[2026-05-10 00:21:05] FILE_OP - MKDIR SUCCESS: /var
[2026-05-10 00:21:05] INFO - INIT: Directorios predeterminados creados
[2026-05-10 00:24:25] INFO - INICIO: Sistema de archivos inicializado: FileSystemConfig{blockSize=4096, totalInodes=1000, totalBlocks=10000, capacity=40000 KB}
[2026-05-10 00:24:25] FILE_OP - MKDIR SUCCESS: /home
[2026-05-10 00:24:25] FILE_OP - MKDIR SUCCESS: /tmp
[2026-05-10 00:24:25] FILE_OP - MKDIR SUCCESS: /var
[2026-05-10 00:24:25] INFO - INIT: Directorios predeterminados creados
[2026-05-10 00:25:32] INFO - INICIO: Sistema de archivos inicializado: FileSystemConfig{blockSize=4096, totalInodes=1000, totalBlocks=10000, capacity=40000 KB}
[2026-05-10 00:25:32] FILE_OP - MKDIR SUCCESS: /home
[2026-05-10 00:25:32] FILE_OP - MKDIR SUCCESS: /tmp
[2026-05-10 00:25:32] FILE_OP - MKDIR SUCCESS: /var
[2026-05-10 00:25:32] INFO - INIT: Directorios predeterminados creados
